d:\zzy练习\c++\-\vibe—snake_game\vibe—snake_game\x64\debug\vc145.pdb
d:\zzy练习\c++\-\vibe—snake_game\vibe—snake_game\x64\debug\vc145.idb
d:\zzy练习\c++\-\vibe—snake_game\vibe—snake_game\x64\debug\snake.obj
d:\zzy练习\c++\-\vibe—snake_game\vibe—snake_game\x64\debug\renderer.obj
d:\zzy练习\c++\-\vibe—snake_game\vibe—snake_game\x64\debug\main.obj
d:\zzy练习\c++\-\vibe—snake_game\vibe—snake_game\x64\debug\list.obj
d:\zzy练习\c++\-\vibe—snake_game\vibe—snake_game\x64\debug\game.obj
d:\zzy练习\c++\-\vibe—snake_game\vibe—snake_game\x64\debug\food.obj
d:\zzy练习\c++\-\vibe—snake_game\vibe—snake_game\x64\debug\audio.obj
d:\zzy练习\c++\-\vibe—snake_game\x64\debug\vibe—snake_game.exe
d:\zzy练习\c++\-\vibe—snake_game\x64\debug\vibe—snake_game.pdb
d:\zzy练习\c++\-\vibe—snake_game\vibe—snake_game\x64\debug\vibe—snake_game.ilk
d:\zzy练习\c++\-\vibe—snake_game\vibe—snake_game\x64\debug\vibe—snake_game.tlog\cl.command.1.tlog
d:\zzy练习\c++\-\vibe—snake_game\vibe—snake_game\x64\debug\vibe—snake_game.tlog\cl.items.tlog
d:\zzy练习\c++\-\vibe—snake_game\vibe—snake_game\x64\debug\vibe—snake_game.tlog\cl.read.1.tlog
d:\zzy练习\c++\-\vibe—snake_game\vibe—snake_game\x64\debug\vibe—snake_game.tlog\cl.write.1.tlog
d:\zzy练习\c++\-\vibe—snake_game\vibe—snake_game\x64\debug\vibe—snake_game.tlog\link.command.1.tlog
d:\zzy练习\c++\-\vibe—snake_game\vibe—snake_game\x64\debug\vibe—snake_game.tlog\link.read.1.tlog
d:\zzy练习\c++\-\vibe—snake_game\vibe—snake_game\x64\debug\vibe—snake_game.tlog\link.secondary.1.tlog
d:\zzy练习\c++\-\vibe—snake_game\vibe—snake_game\x64\debug\vibe—snake_game.tlog\link.write.1.tlog
